A51 MACRO ASSEMBLER  MAIN                                                                 12/10/2021 16:23:23 PAGE     1


MACRO ASSEMBLER A51 V8.02
OBJECT MODULE PLACED IN main.OBJ
ASSEMBLER INVOKED BY: D:\Program Files (x86)\C51\BIN\A51.EXE main.a SET(SMALL) DEBUG EP

LOC  OBJ            LINE     SOURCE

0000                   1     org 0000H
                       2     
0000                   3     main:
0000 75B0FF            4             mov p3, #0ffh
0003 309005            5             jnb p1.0, truonghop1
0006 309110            6             jnb p1.1, truonghop2
0009 80F5              7             jmp main
                       8     
000B                   9     truonghop1:
000B 75B0FE           10             mov p3, #0feh
000E 7E0A             11             mov r6, #10 
0010                  12             tiep:
0010 3092ED           13                     jnb p1.2, main
0013 1127             14                     call quaythuan
0015 DEF9             15                     djnz r6,tiep
0017 80E7             16             jmp main
                      17     
0019                  18     truonghop2:
0019 75B0FD           19             mov p3, #0fdh
001C 7F0A             20             mov r7, #10
001E                  21             tiep1:
001E 3092DF           22                     jnb p1.2, main
0021 1132             23                     call quaynguoc
0023 DFF9             24                     djnz r7,tiep1
0025 80D9             25             jmp main
                      26     
0027                  27     quaythuan:
0027 7401             28             mov a, #01h
0029                  29             lap:
0029 F5A0             30                     mov p2, a
002B 113D             31                     call delay
002D 23               32                     rl a
002E B410F8           33             cjne a,#10h, lap
0031 22               34             ret
                      35     
0032                  36     quaynguoc:
0032 7408             37             mov a, #08h
0034                  38             lap2:
0034 F5A0             39                     mov p2, a
0036 113D             40                     call delay
0038 03               41                     rr a
0039 B480F8           42             cjne a,#80h, lap2
003C 22               43             ret
                      44     
003D                  45     delay:
003D 7C01             46             mov r4,#1
003F                  47             delay3:
003F 7BFF             48                 mov r3,#0ffH
0041                  49             delay1:
0041 7DFF             50                     mov r5,#0ffh
0043 DDFE             51                     djnz r5,$
0045 DBFA             52                     djnz r3,delay1
0047 DCF6             53                     djnz r4,delay3
0049 22               54             ret
                      55     
                      56     end
A51 MACRO ASSEMBLER  MAIN                                                                 12/10/2021 16:23:23 PAGE     2

SYMBOL TABLE LISTING
------ ----- -------


N A M E             T Y P E  V A L U E   ATTRIBUTES

DELAY. . . . . . .  C ADDR   003DH   A   
DELAY1 . . . . . .  C ADDR   0041H   A   
DELAY3 . . . . . .  C ADDR   003FH   A   
LAP. . . . . . . .  C ADDR   0029H   A   
LAP2 . . . . . . .  C ADDR   0034H   A   
MAIN . . . . . . .  C ADDR   0000H   A   
P1 . . . . . . . .  D ADDR   0090H   A   
P2 . . . . . . . .  D ADDR   00A0H   A   
P3 . . . . . . . .  D ADDR   00B0H   A   
QUAYNGUOC. . . . .  C ADDR   0032H   A   
QUAYTHUAN. . . . .  C ADDR   0027H   A   
TIEP . . . . . . .  C ADDR   0010H   A   
TIEP1. . . . . . .  C ADDR   001EH   A   
TRUONGHOP1 . . . .  C ADDR   000BH   A   
TRUONGHOP2 . . . .  C ADDR   0019H   A   


REGISTER BANK(S) USED: 0 


ASSEMBLY COMPLETE.  0 WARNING(S), 0 ERROR(S)
